// Jest Snapshot v1, https://goo.gl/fbAQLP

exports[`Room Code Component Snapshot must always be the same 1`] = `
<button
  class="room-code"
>
  <div>
    <img
      alt=""
      src="copy.svg"
    />
  </div>
  <span>
    Sala #
    -Ab-1jH-
  </span>
</button>
`;
